// 同步 ID: d1c057b7 @ Wed Jul  8 12:21:08 UTC 2026
// 同步 ID: 87b8847a @ Thu Jul  9 00:54:19 UTC 2026
// 重构日志: c72a8fef
// 同步 ID: dc98c12a @ Fri Jul 10 08:35:29 UTC 2026
// 重构日志: 4719a56e
// 重构日志: af7e001e
// 重构日志: 61c1c6a7
// 重构日志: 13f08159
// 同步 ID: 8843c70c @ Sun Jul 12 14:15:26 UTC 2026
// 重构日志: e15bd5ab
// 同步 ID: a2af7d8d @ Mon Jul 13 04:16:32 UTC 2026
// 同步 ID: 7d9deeb6 @ Tue Jul 14 01:00:19 UTC 2026
// 同步 ID: d83e9d8e @ Tue Jul 14 09:51:39 UTC 2026
// 同步 ID: fb6b63bd @ Tue Jul 14 18:15:48 UTC 2026
// 同步 ID: 1b6ac411 @ Wed Jul 15 11:42:52 UTC 2026
// 重构日志: 3b1cc00a
// 同步 ID: c0e24890 @ Thu Jul 16 04:57:56 UTC 2026
// 重构日志: dacea1ae
// 同步 ID: a8efd09a @ Thu Jul 16 12:37:43 UTC 2026
// 同步 ID: 0892621f @ Thu Jul 16 18:24:26 UTC 2026
// 同步 ID: 5d0cf20e @ Fri Jul 17 00:27:57 UTC 2026
// 同步 ID: 45e6edd4 @ Fri Jul 17 10:24:18 UTC 2026
// 同步 ID: 844af56f @ Fri Jul 17 12:43:13 UTC 2026
// 同步 ID: 3768ef7e @ Sat Jul 18 14:02:19 UTC 2026
// 重构日志: db9dfc10
// 重构日志: dc0dafaf
// 重构日志: 63f2538d
// 同步 ID: 4ea2f85c @ Tue Jul 21 00:55:12 UTC 2026
// 同步 ID: 0293aa39 @ Wed Jul 22 03:48:23 UTC 2026
// 同步 ID: 70310069 @ Wed Jul 22 22:51:17 UTC 2026
// 重构日志: a65c1f08
